// Jest Snapshot v1, https://goo.gl/fbAQLP

exports[`Button component matches the snapshot 1`] = `
<button
  aria-label="button"
  className="button button--red className"
  disabled={false}
  onClick={[MockFunction]}
  type="button"
>
  button
</button>
`;
