// Jest Snapshot v1, https://goo.gl/fbAQLP

exports[`Footer layout matches snapshot 1`] = `
<footer
  className="footer className"
>
  <div
    className="footer__copyright"
  >
    Â© 2020 Chat Party, Inc.
  </div>
</footer>
`;
